mode: set
github.com/kascea/stepthrough/pipeline/model.go:93.44,95.97 2 1
github.com/kascea/stepthrough/pipeline/model.go:95.97,96.19 1 1
github.com/kascea/stepthrough/pipeline/model.go:96.19,98.4 1 1
github.com/kascea/stepthrough/pipeline/model.go:100.2,100.12 1 1
github.com/kascea/stepthrough/pipeline/model.go:149.32,150.9 1 1
github.com/kascea/stepthrough/pipeline/model.go:151.22,152.24 1 1
github.com/kascea/stepthrough/pipeline/model.go:153.20,154.22 1 1
github.com/kascea/stepthrough/pipeline/model.go:155.20,156.22 1 1
github.com/kascea/stepthrough/pipeline/model.go:157.26,158.28 1 0
github.com/kascea/stepthrough/pipeline/model.go:159.20,160.22 1 1
github.com/kascea/stepthrough/pipeline/model.go:161.24,162.26 1 1
github.com/kascea/stepthrough/pipeline/model.go:163.24,164.26 1 1
github.com/kascea/stepthrough/pipeline/model.go:165.10,166.25 1 0
github.com/kascea/stepthrough/pipeline/model.go:171.31,172.25 1 1
github.com/kascea/stepthrough/pipeline/model.go:172.25,174.3 1 1
github.com/kascea/stepthrough/pipeline/model.go:175.2,175.18 1 1
github.com/kascea/stepthrough/pipeline/model.go:176.22,177.25 1 1
github.com/kascea/stepthrough/pipeline/model.go:177.25,179.4 1 1
github.com/kascea/stepthrough/pipeline/model.go:180.3,180.31 1 1
github.com/kascea/stepthrough/pipeline/model.go:181.20,182.23 1 0
github.com/kascea/stepthrough/pipeline/model.go:182.23,184.4 1 0
github.com/kascea/stepthrough/pipeline/model.go:185.3,185.27 1 0
github.com/kascea/stepthrough/pipeline/model.go:186.40,187.42 1 0
github.com/kascea/stepthrough/pipeline/model.go:188.20,189.27 1 1
github.com/kascea/stepthrough/pipeline/model.go:190.24,191.35 1 1
github.com/kascea/stepthrough/pipeline/model.go:192.24,193.35 1 1
github.com/kascea/stepthrough/pipeline/model.go:194.10,195.26 1 0
github.com/kascea/stepthrough/pipeline/parser.go:11.44,13.16 2 1
github.com/kascea/stepthrough/pipeline/parser.go:13.16,15.3 1 1
github.com/kascea/stepthrough/pipeline/parser.go:16.2,16.25 1 1
github.com/kascea/stepthrough/pipeline/parser.go:20.49,23.51 2 1
github.com/kascea/stepthrough/pipeline/parser.go:23.51,25.3 1 1
github.com/kascea/stepthrough/pipeline/parser.go:28.2,29.38 2 1
github.com/kascea/stepthrough/pipeline/parser.go:29.38,31.3 1 0
github.com/kascea/stepthrough/pipeline/parser.go:34.2,34.50 1 1
github.com/kascea/stepthrough/pipeline/parser.go:34.50,36.3 1 0
github.com/kascea/stepthrough/pipeline/parser.go:39.2,39.43 1 1
github.com/kascea/stepthrough/pipeline/parser.go:39.43,45.3 2 0
github.com/kascea/stepthrough/pipeline/parser.go:48.2,48.44 1 1
github.com/kascea/stepthrough/pipeline/parser.go:48.44,57.3 2 1
github.com/kascea/stepthrough/pipeline/parser.go:61.2,61.27 1 1
github.com/kascea/stepthrough/pipeline/parser.go:61.27,62.37 1 1
github.com/kascea/stepthrough/pipeline/parser.go:62.37,64.46 2 1
github.com/kascea/stepthrough/pipeline/parser.go:64.46,66.5 1 1
github.com/kascea/stepthrough/pipeline/parser.go:71.2,71.27 1 1
github.com/kascea/stepthrough/pipeline/parser.go:71.27,72.37 1 1
github.com/kascea/stepthrough/pipeline/parser.go:72.37,73.48 1 1
github.com/kascea/stepthrough/pipeline/parser.go:73.48,75.5 1 1
github.com/kascea/stepthrough/pipeline/parser.go:79.2,79.15 1 1
github.com/kascea/stepthrough/pipeline/parser.go:83.38,85.34 2 1
github.com/kascea/stepthrough/pipeline/parser.go:85.34,87.30 2 1
github.com/kascea/stepthrough/pipeline/parser.go:87.30,89.4 1 1
github.com/kascea/stepthrough/pipeline/parser.go:90.3,90.35 1 1
github.com/kascea/stepthrough/pipeline/parser.go:90.35,92.29 2 1
github.com/kascea/stepthrough/pipeline/parser.go:92.29,94.5 1 1
github.com/kascea/stepthrough/pipeline/parser.go:95.4,96.20 2 1
github.com/kascea/stepthrough/pipeline/parser.go:96.20,98.5 1 1
github.com/kascea/stepthrough/pipeline/parser.go:99.4,99.30 1 1
github.com/kascea/stepthrough/pipeline/parser.go:99.30,109.5 1 1
github.com/kascea/stepthrough/pipeline/parser.go:112.2,112.13 1 1
github.com/kascea/stepthrough/pipeline/parser.go:117.59,118.62 1 1
github.com/kascea/stepthrough/pipeline/parser.go:118.62,120.3 1 1
github.com/kascea/stepthrough/pipeline/parser.go:121.2,122.37 2 1
github.com/kascea/stepthrough/pipeline/parser.go:122.37,124.3 1 0
github.com/kascea/stepthrough/pipeline/parser.go:126.2,126.48 1 1
github.com/kascea/stepthrough/pipeline/parser.go:126.48,130.55 3 1
github.com/kascea/stepthrough/pipeline/parser.go:130.55,131.43 1 1
github.com/kascea/stepthrough/pipeline/parser.go:131.43,133.19 2 1
github.com/kascea/stepthrough/pipeline/parser.go:133.19,135.6 1 0
github.com/kascea/stepthrough/pipeline/parser.go:136.5,136.27 1 1
github.com/kascea/stepthrough/pipeline/parser.go:136.27,138.6 1 1
github.com/kascea/stepthrough/pipeline/parser.go:140.5,140.65 1 1
github.com/kascea/stepthrough/pipeline/parser.go:140.65,142.6 1 0
github.com/kascea/stepthrough/pipeline/parser.go:146.3,146.53 1 1
github.com/kascea/stepthrough/pipeline/parser.go:146.53,147.41 1 0
github.com/kascea/stepthrough/pipeline/parser.go:147.41,149.19 2 0
github.com/kascea/stepthrough/pipeline/parser.go:149.19,151.6 1 0
github.com/kascea/stepthrough/pipeline/parser.go:154.5,154.25 1 0
github.com/kascea/stepthrough/pipeline/parser.go:154.25,156.6 1 0
github.com/kascea/stepthrough/pipeline/parser.go:160.2,160.12 1 1
github.com/kascea/stepthrough/pipeline/parser.go:163.75,164.40 1 1
github.com/kascea/stepthrough/pipeline/parser.go:164.40,166.3 1 0
github.com/kascea/stepthrough/pipeline/parser.go:167.2,167.51 1 1
github.com/kascea/stepthrough/pipeline/parser.go:167.51,168.43 1 1
github.com/kascea/stepthrough/pipeline/parser.go:168.43,170.42 2 1
github.com/kascea/stepthrough/pipeline/parser.go:170.42,172.5 1 0
github.com/kascea/stepthrough/pipeline/parser.go:173.4,173.46 1 1
github.com/kascea/stepthrough/pipeline/parser.go:173.46,175.19 2 1
github.com/kascea/stepthrough/pipeline/parser.go:175.19,177.6 1 0
github.com/kascea/stepthrough/pipeline/parser.go:178.5,178.58 1 1
github.com/kascea/stepthrough/pipeline/parser.go:178.58,180.6 1 1
github.com/kascea/stepthrough/pipeline/parser.go:184.2,184.12 1 1
github.com/kascea/stepthrough/pipeline/parser.go:187.47,189.9 2 1
github.com/kascea/stepthrough/pipeline/parser.go:190.24,191.20 1 1
github.com/kascea/stepthrough/pipeline/parser.go:192.24,193.20 1 0
github.com/kascea/stepthrough/pipeline/parser.go:194.23,195.19 1 0
github.com/kascea/stepthrough/pipeline/parser.go:197.2,197.18 1 1
github.com/kascea/stepthrough/pipeline/parser.go:197.18,199.3 1 0
github.com/kascea/stepthrough/pipeline/parser.go:200.2,200.25 1 1
github.com/kascea/stepthrough/pipeline/parser.go:203.58,204.35 1 1
github.com/kascea/stepthrough/pipeline/parser.go:204.35,206.3 1 0
github.com/kascea/stepthrough/pipeline/parser.go:207.2,207.46 1 1
github.com/kascea/stepthrough/pipeline/parser.go:207.46,208.43 1 1
github.com/kascea/stepthrough/pipeline/parser.go:208.43,209.12 1 1
github.com/kascea/stepthrough/pipeline/parser.go:211.3,212.19 2 1
github.com/kascea/stepthrough/pipeline/parser.go:213.24,214.35 1 1
github.com/kascea/stepthrough/pipeline/parser.go:215.26,217.38 2 1
github.com/kascea/stepthrough/pipeline/parser.go:217.38,219.5 1 1
github.com/kascea/stepthrough/pipeline/parser.go:220.4,220.20 1 1
github.com/kascea/stepthrough/pipeline/parser.go:223.2,223.17 1 1
github.com/kascea/stepthrough/orchestrator/orchestrator.go:75.65,82.2 1 1
github.com/kascea/stepthrough/orchestrator/orchestrator.go:85.64,90.16 4 1
github.com/kascea/stepthrough/orchestrator/orchestrator.go:90.16,96.3 5 0
github.com/kascea/stepthrough/orchestrator/orchestrator.go:98.2,103.30 6 1
github.com/kascea/stepthrough/orchestrator/orchestrator.go:103.30,105.3 1 1
github.com/kascea/stepthrough/orchestrator/orchestrator.go:106.2,107.16 2 1
github.com/kascea/stepthrough/orchestrator/orchestrator.go:111.49,115.2 3 1
github.com/kascea/stepthrough/orchestrator/orchestrator.go:119.60,124.2 4 1
github.com/kascea/stepthrough/orchestrator/orchestrator.go:127.50,131.2 3 0
github.com/kascea/stepthrough/orchestrator/orchestrator.go:134.48,137.43 3 1
github.com/kascea/stepthrough/orchestrator/orchestrator.go:137.43,140.3 2 0
github.com/kascea/stepthrough/orchestrator/orchestrator.go:141.2,141.41 1 1
github.com/kascea/stepthrough/orchestrator/orchestrator.go:141.41,144.3 2 0
github.com/kascea/stepthrough/orchestrator/orchestrator.go:145.2,156.51 9 1
github.com/kascea/stepthrough/orchestrator/orchestrator.go:156.51,160.3 3 1
github.com/kascea/stepthrough/orchestrator/orchestrator.go:161.2,164.38 3 1
github.com/kascea/stepthrough/orchestrator/orchestrator.go:164.38,166.3 1 0
github.com/kascea/stepthrough/orchestrator/orchestrator.go:168.2,169.55 2 1
github.com/kascea/stepthrough/orchestrator/orchestrator.go:173.36,176.24 3 0
github.com/kascea/stepthrough/orchestrator/orchestrator.go:176.24,178.3 1 0
github.com/kascea/stepthrough/orchestrator/orchestrator.go:182.48,185.44 3 0
github.com/kascea/stepthrough/orchestrator/orchestrator.go:185.44,187.3 1 0
github.com/kascea/stepthrough/orchestrator/orchestrator.go:191.53,193.24 2 1
github.com/kascea/stepthrough/orchestrator/orchestrator.go:193.24,195.3 1 1
github.com/kascea/stepthrough/orchestrator/orchestrator.go:196.2,199.33 3 1
github.com/kascea/stepthrough/orchestrator/orchestrator.go:199.33,201.3 1 1
github.com/kascea/stepthrough/orchestrator/orchestrator.go:211.135,212.15 1 1
github.com/kascea/stepthrough/orchestrator/orchestrator.go:212.15,215.14 3 1
github.com/kascea/stepthrough/orchestrator/orchestrator.go:215.14,217.4 1 1
github.com/kascea/stepthrough/orchestrator/orchestrator.go:218.3,219.14 2 1
github.com/kascea/stepthrough/orchestrator/orchestrator.go:219.14,221.4 1 1
github.com/kascea/stepthrough/orchestrator/orchestrator.go:224.2,231.27 6 1
github.com/kascea/stepthrough/orchestrator/orchestrator.go:231.27,232.25 1 1
github.com/kascea/stepthrough/orchestrator/orchestrator.go:232.25,234.4 1 1
github.com/kascea/stepthrough/orchestrator/orchestrator.go:235.3,235.39 1 1
github.com/kascea/stepthrough/orchestrator/orchestrator.go:235.39,237.4 1 1
github.com/kascea/stepthrough/orchestrator/orchestrator.go:238.3,239.18 2 1
github.com/kascea/stepthrough/orchestrator/orchestrator.go:241.2,245.47 2 1
github.com/kascea/stepthrough/orchestrator/orchestrator.go:245.47,246.18 1 1
github.com/kascea/stepthrough/orchestrator/orchestrator.go:246.18,248.4 1 0
github.com/kascea/stepthrough/orchestrator/orchestrator.go:249.3,249.38 1 1
github.com/kascea/stepthrough/orchestrator/orchestrator.go:249.38,251.54 2 1
github.com/kascea/stepthrough/orchestrator/orchestrator.go:251.54,252.13 1 1
github.com/kascea/stepthrough/orchestrator/orchestrator.go:254.4,259.14 6 1
github.com/kascea/stepthrough/orchestrator/orchestrator.go:259.14,261.15 2 1
github.com/kascea/stepthrough/orchestrator/orchestrator.go:261.15,262.23 1 1
github.com/kascea/stepthrough/orchestrator/orchestrator.go:262.24,263.7 0 1
github.com/kascea/stepthrough/orchestrator/orchestrator.go:265.5,265.82 1 1
github.com/kascea/stepthrough/orchestrator/orchestrator.go:267.4,268.10 2 1
github.com/kascea/stepthrough/orchestrator/orchestrator.go:272.2,272.60 1 1
github.com/kascea/stepthrough/orchestrator/orchestrator.go:272.60,273.10 1 1
github.com/kascea/stepthrough/orchestrator/orchestrator.go:274.21,275.10 1 0
github.com/kascea/stepthrough/orchestrator/orchestrator.go:276.11,276.11 0 1
github.com/kascea/stepthrough/orchestrator/orchestrator.go:279.3,281.46 3 1
github.com/kascea/stepthrough/orchestrator/orchestrator.go:281.46,283.4 1 1
github.com/kascea/stepthrough/orchestrator/orchestrator.go:286.3,286.25 1 1
github.com/kascea/stepthrough/orchestrator/orchestrator.go:286.25,290.21 4 1
github.com/kascea/stepthrough/orchestrator/orchestrator.go:290.21,292.29 2 1
github.com/kascea/stepthrough/orchestrator/orchestrator.go:292.29,294.6 1 1
github.com/kascea/stepthrough/orchestrator/orchestrator.go:296.4,300.12 5 1
github.com/kascea/stepthrough/orchestrator/orchestrator.go:303.3,303.25 1 1
github.com/kascea/stepthrough/orchestrator/orchestrator.go:303.25,307.14 4 1
github.com/kascea/stepthrough/orchestrator/orchestrator.go:307.14,309.31 2 1
github.com/kascea/stepthrough/orchestrator/orchestrator.go:309.31,311.6 1 1
github.com/kascea/stepthrough/orchestrator/orchestrator.go:314.4,314.38 1 1
github.com/kascea/stepthrough/orchestrator/orchestrator.go:314.38,317.40 2 1
github.com/kascea/stepthrough/orchestrator/orchestrator.go:317.40,322.6 4 0
github.com/kascea/stepthrough/orchestrator/orchestrator.go:323.5,326.15 4 1
github.com/kascea/stepthrough/orchestrator/orchestrator.go:327.10,334.85 7 1
github.com/kascea/stepthrough/orchestrator/orchestrator.go:334.85,339.6 4 1
github.com/kascea/stepthrough/orchestrator/orchestrator.go:342.4,346.31 3 1
github.com/kascea/stepthrough/orchestrator/orchestrator.go:349.3,349.39 1 1
github.com/kascea/stepthrough/orchestrator/orchestrator.go:349.39,349.81 1 1
github.com/kascea/stepthrough/orchestrator/orchestrator.go:350.3,355.20 5 1
github.com/kascea/stepthrough/orchestrator/orchestrator.go:355.20,357.28 2 1
github.com/kascea/stepthrough/orchestrator/orchestrator.go:357.28,359.5 1 1
github.com/kascea/stepthrough/orchestrator/orchestrator.go:362.3,367.49 5 1
github.com/kascea/stepthrough/orchestrator/orchestrator.go:367.49,369.4 1 1
github.com/kascea/stepthrough/orchestrator/orchestrator.go:369.9,369.57 1 1
github.com/kascea/stepthrough/orchestrator/orchestrator.go:369.57,371.4 1 0
github.com/kascea/stepthrough/orchestrator/orchestrator.go:373.3,373.39 1 1
github.com/kascea/stepthrough/orchestrator/orchestrator.go:373.39,377.4 3 1
github.com/kascea/stepthrough/orchestrator/orchestrator.go:378.3,380.110 2 1
github.com/kascea/stepthrough/orchestrator/orchestrator.go:380.110,382.4 1 1
github.com/kascea/stepthrough/orchestrator/orchestrator.go:386.68,390.2 3 1
github.com/kascea/stepthrough/orchestrator/orchestrator.go:392.60,395.42 3 1
github.com/kascea/stepthrough/orchestrator/orchestrator.go:395.42,397.3 1 1
github.com/kascea/stepthrough/orchestrator/orchestrator.go:398.2,399.13 2 1
github.com/kascea/stepthrough/orchestrator/orchestrator.go:402.64,404.43 2 1
github.com/kascea/stepthrough/orchestrator/orchestrator.go:404.43,407.3 2 1
github.com/kascea/stepthrough/orchestrator/orchestrator.go:408.2,408.18 1 1
github.com/kascea/stepthrough/orchestrator/orchestrator.go:411.65,414.30 3 1
github.com/kascea/stepthrough/orchestrator/orchestrator.go:414.30,416.3 1 1
github.com/kascea/stepthrough/orchestrator/orchestrator.go:419.56,422.26 3 1
github.com/kascea/stepthrough/orchestrator/orchestrator.go:422.26,424.25 2 1
github.com/kascea/stepthrough/orchestrator/orchestrator.go:424.25,426.4 1 1
github.com/kascea/stepthrough/orchestrator/orchestrator.go:427.3,435.4 1 1
github.com/kascea/stepthrough/orchestrator/orchestrator.go:437.2,437.15 1 1
github.com/kascea/stepthrough/orchestrator/orchestrator.go:440.49,442.2 1 1
github.com/kascea/stepthrough/orchestrator/orchestrator.go:444.55,446.2 1 1
github.com/kascea/stepthrough/orchestrator/orchestrator.go:448.44,450.47 2 1
github.com/kascea/stepthrough/orchestrator/orchestrator.go:450.47,452.3 1 1
github.com/kascea/stepthrough/orchestrator/orchestrator.go:454.2,455.16 2 1
github.com/kascea/stepthrough/orchestrator/orchestrator.go:455.16,457.17 2 1
github.com/kascea/stepthrough/orchestrator/orchestrator.go:457.17,459.4 1 1
github.com/kascea/stepthrough/orchestrator/orchestrator.go:462.2,462.12 1 1
github.com/kascea/stepthrough/service/log_store.go:18.30,20.2 1 1
github.com/kascea/stepthrough/service/log_store.go:23.66,27.25 4 0
github.com/kascea/stepthrough/service/log_store.go:27.25,29.3 1 0
github.com/kascea/stepthrough/service/log_store.go:30.2,31.41 2 0
github.com/kascea/stepthrough/service/log_store.go:31.41,33.3 1 0
github.com/kascea/stepthrough/service/log_store.go:37.39,41.2 3 0
github.com/kascea/stepthrough/service/log_store.go:44.40,48.2 3 0
github.com/kascea/stepthrough/service/log_store.go:51.52,53.34 2 0
github.com/kascea/stepthrough/service/log_store.go:53.34,56.3 2 0
github.com/kascea/stepthrough/service/log_store.go:57.2,57.15 1 0
github.com/kascea/stepthrough/service/log_store.go:61.62,65.34 4 0
github.com/kascea/stepthrough/service/log_store.go:65.34,67.27 2 0
github.com/kascea/stepthrough/service/log_store.go:67.27,69.4 1 0
github.com/kascea/stepthrough/service/log_store.go:70.3,70.17 1 0
github.com/kascea/stepthrough/service/log_store.go:72.2,72.12 1 0
github.com/kascea/stepthrough/service/pipeline.go:41.80,47.21 2 1
github.com/kascea/stepthrough/service/pipeline.go:47.21,47.45 1 0
github.com/kascea/stepthrough/service/pipeline.go:48.20,48.54 1 0
github.com/kascea/stepthrough/service/pipeline.go:50.2,50.12 1 1
github.com/kascea/stepthrough/service/pipeline.go:53.71,53.88 1 0
github.com/kascea/stepthrough/service/pipeline.go:56.55,60.2 3 0
github.com/kascea/stepthrough/service/pipeline.go:62.56,63.21 1 0
github.com/kascea/stepthrough/service/pipeline.go:63.21,65.3 1 0
github.com/kascea/stepthrough/service/pipeline.go:68.66,70.2 1 0
github.com/kascea/stepthrough/service/pipeline.go:72.80,73.38 1 0
github.com/kascea/stepthrough/service/pipeline.go:73.38,74.26 1 0
github.com/kascea/stepthrough/service/pipeline.go:74.26,75.49 1 0
github.com/kascea/stepthrough/service/pipeline.go:75.49,77.5 1 0
github.com/kascea/stepthrough/service/pipeline.go:79.3,80.16 2 0
github.com/kascea/stepthrough/service/pipeline.go:81.24,83.25 2 0
github.com/kascea/stepthrough/service/pipeline.go:84.31,85.42 1 0
github.com/kascea/stepthrough/service/pipeline.go:90.44,101.26 7 0
github.com/kascea/stepthrough/service/pipeline.go:101.26,103.3 1 0
github.com/kascea/stepthrough/service/pipeline.go:104.2,104.27 1 0
github.com/kascea/stepthrough/service/pipeline.go:104.27,105.21 1 0
github.com/kascea/stepthrough/service/pipeline.go:105.21,107.4 1 0
github.com/kascea/stepthrough/service/pipeline.go:110.2,110.32 1 0
github.com/kascea/stepthrough/service/pipeline.go:110.32,117.3 6 0
github.com/kascea/stepthrough/service/pipeline.go:119.2,119.17 1 0
github.com/kascea/stepthrough/service/pipeline.go:125.52,130.21 4 1
github.com/kascea/stepthrough/service/pipeline.go:130.21,132.3 1 1
github.com/kascea/stepthrough/service/pipeline.go:133.2,137.3 1 1
github.com/kascea/stepthrough/service/pipeline.go:142.55,143.70 1 0
github.com/kascea/stepthrough/service/pipeline.go:143.70,145.3 1 0
github.com/kascea/stepthrough/service/pipeline.go:146.2,146.16 1 0
github.com/kascea/stepthrough/service/pipeline.go:151.51,153.9 2 0
github.com/kascea/stepthrough/service/pipeline.go:153.9,155.3 1 0
github.com/kascea/stepthrough/service/pipeline.go:157.2,158.18 2 0
github.com/kascea/stepthrough/service/pipeline.go:158.18,162.3 3 0
github.com/kascea/stepthrough/service/pipeline.go:164.2,167.17 4 0
github.com/kascea/stepthrough/service/pipeline.go:172.51,173.65 1 0
github.com/kascea/stepthrough/service/pipeline.go:173.65,175.3 1 0
github.com/kascea/stepthrough/service/pipeline.go:177.2,177.49 1 0
github.com/kascea/stepthrough/service/pipeline.go:177.49,181.3 3 0
github.com/kascea/stepthrough/service/pipeline.go:183.2,184.18 2 0
github.com/kascea/stepthrough/service/pipeline.go:184.18,188.3 3 0
github.com/kascea/stepthrough/service/pipeline.go:189.2,190.44 2 0
github.com/kascea/stepthrough/service/pipeline.go:194.53,197.2 2 0
github.com/kascea/stepthrough/service/pipeline.go:201.50,203.9 2 0
github.com/kascea/stepthrough/service/pipeline.go:203.9,205.3 1 0
github.com/kascea/stepthrough/service/pipeline.go:206.2,207.12 2 0
github.com/kascea/stepthrough/service/pipeline.go:207.12,208.18 1 0
github.com/kascea/stepthrough/service/pipeline.go:208.18,210.4 1 0
github.com/kascea/stepthrough/service/pipeline.go:211.3,211.21 1 0
github.com/kascea/stepthrough/service/pipeline.go:217.47,219.16 2 0
github.com/kascea/stepthrough/service/pipeline.go:219.16,221.3 1 0
github.com/kascea/stepthrough/service/pipeline.go:222.2,222.69 1 0
github.com/kascea/stepthrough/service/pipeline.go:222.69,224.3 1 0
github.com/kascea/stepthrough/service/pipeline.go:225.2,225.13 1 0
github.com/kascea/stepthrough/service/pipeline.go:225.13,228.3 2 0
github.com/kascea/stepthrough/service/pipeline.go:232.68,234.9 2 0
github.com/kascea/stepthrough/service/pipeline.go:234.9,236.3 1 0
github.com/kascea/stepthrough/service/pipeline.go:237.2,239.26 3 0
github.com/kascea/stepthrough/service/pipeline.go:243.55,244.38 1 0
github.com/kascea/stepthrough/service/pipeline.go:244.38,246.3 1 0
github.com/kascea/stepthrough/service/pipeline.go:250.84,252.9 2 0
github.com/kascea/stepthrough/service/pipeline.go:252.9,254.3 1 0
github.com/kascea/stepthrough/service/pipeline.go:255.2,255.24 1 0
github.com/kascea/stepthrough/service/pipeline.go:259.72,260.38 1 0
github.com/kascea/stepthrough/service/pipeline.go:260.38,262.3 1 0
github.com/kascea/stepthrough/service/pipeline.go:266.69,267.85 1 0
github.com/kascea/stepthrough/service/pipeline.go:267.85,269.3 1 0
github.com/kascea/stepthrough/service/pipeline.go:270.2,270.9 1 0
github.com/kascea/stepthrough/service/pipeline.go:270.9,272.3 1 0
github.com/kascea/stepthrough/service/pipeline.go:273.2,275.98 3 0
github.com/kascea/stepthrough/service/pipeline.go:279.51,281.2 1 0
github.com/kascea/stepthrough/service/pipeline.go:284.37,285.36 1 0
github.com/kascea/stepthrough/service/pipeline.go:285.36,287.3 1 0
github.com/kascea/stepthrough/service/tab_manager.go:40.86,46.2 1 1
github.com/kascea/stepthrough/service/tab_manager.go:51.64,53.16 2 0
github.com/kascea/stepthrough/service/tab_manager.go:53.16,54.28 1 0
github.com/kascea/stepthrough/service/tab_manager.go:54.28,56.4 1 0
github.com/kascea/stepthrough/service/tab_manager.go:57.3,57.13 1 0
github.com/kascea/stepthrough/service/tab_manager.go:59.2,59.36 1 0
github.com/kascea/stepthrough/service/tab_manager.go:59.36,62.3 2 0
github.com/kascea/stepthrough/service/tab_manager.go:63.2,64.10 2 0
github.com/kascea/stepthrough/service/tab_manager.go:67.66,69.6 2 0
github.com/kascea/stepthrough/service/tab_manager.go:69.6,70.10 1 0
github.com/kascea/stepthrough/service/tab_manager.go:71.32,72.11 1 0
github.com/kascea/stepthrough/service/tab_manager.go:72.11,74.5 1 0
github.com/kascea/stepthrough/service/tab_manager.go:75.4,75.63 1 0
github.com/kascea/stepthrough/service/tab_manager.go:75.63,76.24 1 0
github.com/kascea/stepthrough/service/tab_manager.go:76.24,78.6 1 0
github.com/kascea/stepthrough/service/tab_manager.go:79.5,79.60 1 0
github.com/kascea/stepthrough/service/tab_manager.go:79.60,80.31 1 0
github.com/kascea/stepthrough/service/tab_manager.go:80.31,82.7 1 0
github.com/kascea/stepthrough/service/tab_manager.go:85.30,86.11 1 0
github.com/kascea/stepthrough/service/tab_manager.go:86.11,88.5 1 0
github.com/kascea/stepthrough/service/tab_manager.go:89.4,89.29 1 0
github.com/kascea/stepthrough/service/tab_manager.go:89.29,91.5 1 0
github.com/kascea/stepthrough/service/tab_manager.go:99.67,102.41 3 1
github.com/kascea/stepthrough/service/tab_manager.go:102.41,106.30 4 0
github.com/kascea/stepthrough/service/tab_manager.go:106.30,107.37 1 0
github.com/kascea/stepthrough/service/tab_manager.go:107.37,109.5 1 0
github.com/kascea/stepthrough/service/tab_manager.go:116.110,120.25 4 0
github.com/kascea/stepthrough/service/tab_manager.go:120.25,122.3 1 0
github.com/kascea/stepthrough/service/tab_manager.go:123.2,125.8 3 0
github.com/kascea/stepthrough/service/tab_manager.go:125.8,127.23 2 0
github.com/kascea/stepthrough/service/tab_manager.go:127.23,129.4 1 0
github.com/kascea/stepthrough/service/tab_manager.go:130.8,132.3 1 0
github.com/kascea/stepthrough/service/tab_manager.go:133.2,133.13 1 0
github.com/kascea/stepthrough/service/tab_manager.go:139.117,142.51 3 0
github.com/kascea/stepthrough/service/tab_manager.go:142.51,144.3 1 0
github.com/kascea/stepthrough/service/tab_manager.go:145.2,150.19 6 0
github.com/kascea/stepthrough/service/tab_manager.go:154.74,157.51 3 0
github.com/kascea/stepthrough/service/tab_manager.go:157.51,159.3 1 0
github.com/kascea/stepthrough/service/tab_manager.go:160.2,160.19 1 0
github.com/kascea/stepthrough/service/tab_manager.go:164.63,167.34 3 0
github.com/kascea/stepthrough/service/tab_manager.go:167.34,169.3 1 0
github.com/kascea/stepthrough/service/tab_manager.go:173.63,176.34 3 0
github.com/kascea/stepthrough/service/tab_manager.go:176.34,178.3 1 0
github.com/kascea/stepthrough/service/tab_manager.go:179.2,179.30 1 0
github.com/kascea/stepthrough/service/tab_manager.go:183.77,186.9 3 0
github.com/kascea/stepthrough/service/tab_manager.go:186.9,189.3 2 0
github.com/kascea/stepthrough/service/tab_manager.go:190.2,191.28 2 0
github.com/kascea/stepthrough/service/tab_manager.go:191.28,192.16 1 0
github.com/kascea/stepthrough/service/tab_manager.go:192.16,194.9 2 0
github.com/kascea/stepthrough/service/tab_manager.go:197.2,197.26 1 0
github.com/kascea/stepthrough/service/tab_manager.go:197.26,198.23 1 0
github.com/kascea/stepthrough/service/tab_manager.go:198.23,200.4 1 0
github.com/kascea/stepthrough/service/tab_manager.go:200.9,202.4 1 0
github.com/kascea/stepthrough/service/tab_manager.go:204.2,206.14 3 0
github.com/kascea/stepthrough/service/tab_manager.go:206.14,208.3 1 0
github.com/kascea/stepthrough/service/tab_manager.go:209.2,209.19 1 0
github.com/kascea/stepthrough/service/tab_manager.go:209.19,211.3 1 0
github.com/kascea/stepthrough/service/tab_manager.go:212.2,212.18 1 0
github.com/kascea/stepthrough/service/tab_manager.go:216.45,220.2 3 0
github.com/kascea/stepthrough/service/tab_manager.go:224.131,227.9 3 0
github.com/kascea/stepthrough/service/tab_manager.go:227.9,230.3 2 0
github.com/kascea/stepthrough/service/tab_manager.go:231.2,236.28 6 0
github.com/kascea/stepthrough/service/tab_manager.go:236.28,237.19 1 0
github.com/kascea/stepthrough/service/tab_manager.go:237.19,239.9 2 0
github.com/kascea/stepthrough/service/tab_manager.go:242.2,242.29 1 0
github.com/kascea/stepthrough/service/tab_manager.go:242.29,244.3 1 0
github.com/kascea/stepthrough/service/tab_manager.go:245.2,246.23 2 0
github.com/kascea/stepthrough/service/tab_manager.go:246.23,248.3 1 0
github.com/kascea/stepthrough/service/tab_manager.go:249.2,249.22 1 0
github.com/kascea/stepthrough/service/tab_manager.go:253.114,260.30 7 0
github.com/kascea/stepthrough/service/tab_manager.go:260.30,261.20 1 0
github.com/kascea/stepthrough/service/tab_manager.go:261.20,263.4 1 0
github.com/kascea/stepthrough/service/tab_manager.go:265.2,265.8 1 0
github.com/kascea/stepthrough/service/tab_manager.go:269.57,273.30 4 0
github.com/kascea/stepthrough/service/tab_manager.go:273.30,274.20 1 0
github.com/kascea/stepthrough/service/tab_manager.go:274.20,276.4 1 0
github.com/kascea/stepthrough/service/tab_manager.go:278.2,278.15 1 0
github.com/kascea/stepthrough/service/tab_manager.go:282.33,285.30 3 0
github.com/kascea/stepthrough/service/tab_manager.go:285.30,286.23 1 0
github.com/kascea/stepthrough/service/tab_manager.go:286.23,289.4 2 0
github.com/kascea/stepthrough/service/ui.go:11.102,13.2 1 0
github.com/kascea/stepthrough/service/ui.go:16.43,18.30 2 0
github.com/kascea/stepthrough/service/ui.go:18.30,20.3 1 0
github.com/kascea/stepthrough/service/ui.go:21.2,22.13 2 0
github.com/kascea/stepthrough/service/ui.go:27.61,29.30 2 0
github.com/kascea/stepthrough/service/ui.go:29.30,31.3 1 0
github.com/kascea/stepthrough/service/ui.go:32.2,33.13 2 0
github.com/kascea/stepthrough/runner/container.go:38.65,43.2 4 0
github.com/kascea/stepthrough/runner/container.go:47.118,68.33 4 0
github.com/kascea/stepthrough/runner/container.go:68.33,75.3 3 0
github.com/kascea/stepthrough/runner/container.go:76.2,76.29 1 0
github.com/kascea/stepthrough/runner/container.go:76.29,78.3 1 0
github.com/kascea/stepthrough/runner/container.go:80.2,83.16 3 0
github.com/kascea/stepthrough/runner/container.go:83.16,85.3 1 0
github.com/kascea/stepthrough/runner/container.go:90.2,92.15 2 0
github.com/kascea/stepthrough/runner/container.go:97.128,99.2 1 0
github.com/kascea/stepthrough/runner/container.go:102.117,106.24 2 0
github.com/kascea/stepthrough/runner/container.go:106.24,108.3 1 0
github.com/kascea/stepthrough/runner/container.go:111.2,124.36 7 0
github.com/kascea/stepthrough/runner/container.go:124.36,126.3 1 0
github.com/kascea/stepthrough/runner/container.go:128.2,129.12 2 0
github.com/kascea/stepthrough/runner/container.go:129.12,133.22 4 0
github.com/kascea/stepthrough/runner/container.go:133.22,135.4 1 0
github.com/kascea/stepthrough/runner/container.go:138.2,142.20 4 0
github.com/kascea/stepthrough/runner/container.go:142.20,143.51 1 0
github.com/kascea/stepthrough/runner/container.go:143.51,145.4 1 0
github.com/kascea/stepthrough/runner/container.go:146.3,146.21 1 0
github.com/kascea/stepthrough/runner/container.go:148.2,148.15 1 0
github.com/kascea/stepthrough/runner/container.go:153.42,155.2 1 0
github.com/kascea/stepthrough/runner/container.go:158.47,161.2 2 0
github.com/kascea/stepthrough/runner/container.go:164.35,164.52 1 0
github.com/kascea/stepthrough/runner/container.go:167.36,167.54 1 0
github.com/kascea/stepthrough/runner/container.go:175.55,177.6 2 1
github.com/kascea/stepthrough/runner/container.go:177.6,179.12 2 1
github.com/kascea/stepthrough/runner/container.go:179.12,181.9 2 1
github.com/kascea/stepthrough/runner/container.go:183.3,186.10 4 1
github.com/kascea/stepthrough/runner/container.go:187.21,187.21 0 1
github.com/kascea/stepthrough/runner/container.go:188.11,188.11 0 0
github.com/kascea/stepthrough/runner/container.go:190.3,190.14 1 1
github.com/kascea/stepthrough/runner/container.go:192.2,192.20 1 1
github.com/kascea/stepthrough/runner/engine.go:23.40,25.2 1 1
github.com/kascea/stepthrough/runner/engine.go:29.138,32.47 2 1
github.com/kascea/stepthrough/runner/engine.go:32.47,34.3 1 0
github.com/kascea/stepthrough/runner/engine.go:36.2,37.9 2 1
github.com/kascea/stepthrough/runner/engine.go:37.9,39.3 1 1
github.com/kascea/stepthrough/runner/engine.go:41.2,41.22 1 1
github.com/kascea/stepthrough/runner/engine.go:41.22,43.3 1 1
github.com/kascea/stepthrough/runner/engine.go:45.2,45.31 1 0
github.com/kascea/stepthrough/runner/engine.go:45.31,47.3 1 0
github.com/kascea/stepthrough/runner/engine.go:47.8,49.73 2 0
github.com/kascea/stepthrough/runner/engine.go:49.73,51.4 1 0
github.com/kascea/stepthrough/runner/engine.go:55.2,59.16 4 0
github.com/kascea/stepthrough/runner/engine.go:59.16,61.3 1 0
github.com/kascea/stepthrough/runner/engine.go:62.2,64.12 3 0
github.com/kascea/stepthrough/runner/engine.go:68.113,73.9 4 0
github.com/kascea/stepthrough/runner/engine.go:73.9,78.3 4 0
github.com/kascea/stepthrough/runner/engine.go:80.2,85.16 5 0
github.com/kascea/stepthrough/runner/engine.go:85.16,88.3 2 0
github.com/kascea/stepthrough/runner/engine.go:89.2,89.44 1 0
github.com/kascea/stepthrough/runner/engine.go:89.44,92.3 2 0
github.com/kascea/stepthrough/runner/engine.go:94.2,95.15 2 0
github.com/kascea/stepthrough/runner/engine.go:99.41,100.24 1 0
github.com/kascea/stepthrough/runner/engine.go:100.24,102.3 1 0
github.com/kascea/stepthrough/runner/engine.go:103.2,103.27 1 0
github.com/kascea/stepthrough/runner/engine.go:107.42,108.24 1 0
github.com/kascea/stepthrough/runner/engine.go:108.24,110.3 1 0
github.com/kascea/stepthrough/runner/engine.go:111.2,111.28 1 0
github.com/kascea/stepthrough/runner/engine.go:115.31,115.60 1 0
github.com/kascea/stepthrough/runner/engine.go:118.47,119.24 1 0
github.com/kascea/stepthrough/runner/engine.go:119.24,122.3 2 0
github.com/kascea/stepthrough/runner/handlers.go:12.71,13.39 1 1
github.com/kascea/stepthrough/runner/handlers.go:13.39,14.29 1 1
github.com/kascea/stepthrough/runner/handlers.go:14.29,16.4 1 1
github.com/kascea/stepthrough/runner/handlers.go:18.2,18.18 1 0
github.com/kascea/stepthrough/runner/handlers.go:37.57,39.2 1 1
github.com/kascea/stepthrough/runner/handlers.go:40.66,42.2 1 1
github.com/kascea/stepthrough/runner/handlers.go:46.55,46.102 1 1
github.com/kascea/stepthrough/runner/handlers.go:47.64,49.2 1 1
github.com/kascea/stepthrough/runner/handlers.go:53.55,55.2 1 1
github.com/kascea/stepthrough/runner/handlers.go:57.64,59.15 2 1
github.com/kascea/stepthrough/runner/handlers.go:59.15,61.3 1 0
github.com/kascea/stepthrough/runner/handlers.go:62.2,70.14 1 1
github.com/kascea/stepthrough/runner/handlers.go:75.59,77.2 1 1
github.com/kascea/stepthrough/runner/handlers.go:78.68,79.29 1 1
github.com/kascea/stepthrough/runner/handlers.go:79.29,81.3 1 1
github.com/kascea/stepthrough/runner/handlers.go:82.2,82.74 1 1
github.com/kascea/stepthrough/runner/handlers.go:87.59,89.2 1 1
github.com/kascea/stepthrough/runner/handlers.go:90.68,92.2 1 1
github.com/kascea/stepthrough/runner/handlers.go:96.55,96.102 1 1
github.com/kascea/stepthrough/runner/handlers.go:97.64,99.9 2 1
github.com/kascea/stepthrough/runner/handlers.go:99.9,101.3 1 1
github.com/kascea/stepthrough/runner/handlers.go:102.2,102.31 1 1
github.com/kascea/stepthrough/runner/handlers.go:102.31,104.3 1 1
github.com/kascea/stepthrough/runner/handlers.go:105.2,109.4 1 1
github.com/kascea/stepthrough/runner/images.go:15.31,19.2 3 0
github.com/kascea/stepthrough/runner/images.go:22.44,24.2 1 0
github.com/kascea/stepthrough/runner/images.go:29.59,30.17 1 1
github.com/kascea/stepthrough/runner/images.go:31.43,32.28 1 1
github.com/kascea/stepthrough/runner/images.go:34.42,35.19 1 1
github.com/kascea/stepthrough/runner/images.go:36.10,38.23 1 1
github.com/kascea/stepthrough/runner/task_adapters.go:42.62,79.2 2 1
github.com/kascea/stepthrough/runner/task_adapters.go:83.65,105.2 4 1
github.com/kascea/stepthrough/runner/task_adapters.go:109.63,126.2 2 1
github.com/kascea/stepthrough/runner/task_adapters.go:130.72,143.2 2 0
github.com/kascea/stepthrough/runner/task_adapters.go:147.69,149.2 1 0
github.com/kascea/stepthrough/runner/task_adapters.go:153.68,155.2 1 0
github.com/kascea/stepthrough/runner/task_adapters.go:159.65,161.2 1 1
github.com/kascea/stepthrough/runner/task_adapters.go:165.71,167.2 1 1
github.com/kascea/stepthrough/runner/task_adapters.go:171.74,173.2 1 1
github.com/kascea/stepthrough/runner/task_adapters.go:177.68,179.2 1 0
github.com/kascea/stepthrough/runner/task_adapters.go:183.62,185.2 1 0
github.com/kascea/stepthrough/runner/task_adapters.go:189.60,191.2 1 0
github.com/kascea/stepthrough/runner/task_adapters.go:195.67,196.50 1 1
github.com/kascea/stepthrough/runner/task_adapters.go:196.50,198.3 1 1
github.com/kascea/stepthrough/runner/task_adapters.go:199.2,199.82 1 0
github.com/kascea/stepthrough/runner/task_adapters.go:202.49,204.2 1 1
github.com/kascea/stepthrough/runner/task_metadata.go:43.85,47.33 3 1
github.com/kascea/stepthrough/runner/task_metadata.go:47.33,49.39 2 1
github.com/kascea/stepthrough/runner/task_metadata.go:49.39,51.4 1 1
github.com/kascea/stepthrough/runner/task_metadata.go:52.3,52.26 1 1
github.com/kascea/stepthrough/runner/task_metadata.go:52.26,54.4 1 1
github.com/kascea/stepthrough/runner/task_metadata.go:57.2,57.30 1 1
github.com/kascea/stepthrough/runner/task_metadata.go:57.30,59.22 2 1
github.com/kascea/stepthrough/runner/task_metadata.go:59.22,61.4 1 0
github.com/kascea/stepthrough/runner/task_metadata.go:62.3,62.88 1 1
github.com/kascea/stepthrough/runner/task_metadata.go:65.2,65.15 1 1
github.com/kascea/stepthrough/runner/task_metadata.go:68.60,70.9 2 1
github.com/kascea/stepthrough/runner/task_metadata.go:70.9,72.3 1 0
github.com/kascea/stepthrough/runner/task_metadata.go:74.2,75.16 2 1
github.com/kascea/stepthrough/runner/task_metadata.go:75.16,77.3 1 1
github.com/kascea/stepthrough/runner/task_metadata.go:78.2,78.25 1 1
github.com/kascea/stepthrough/runner/task_metadata.go:81.68,83.16 2 1
github.com/kascea/stepthrough/runner/task_metadata.go:83.16,85.3 1 0
github.com/kascea/stepthrough/runner/task_metadata.go:86.2,86.20 1 1
github.com/kascea/stepthrough/runner/task_metadata.go:86.20,88.17 2 1
github.com/kascea/stepthrough/runner/task_metadata.go:88.17,90.4 1 1
github.com/kascea/stepthrough/runner/task_metadata.go:91.3,91.31 1 1
github.com/kascea/stepthrough/runner/task_metadata.go:94.2,95.54 2 1
github.com/kascea/stepthrough/runner/task_metadata.go:95.54,97.3 1 0
github.com/kascea/stepthrough/runner/task_metadata.go:99.2,104.38 2 1
github.com/kascea/stepthrough/runner/task_metadata.go:104.38,110.3 1 1
github.com/kascea/stepthrough/runner/task_metadata.go:111.2,111.24 1 1
github.com/kascea/stepthrough/runner/task_metadata.go:114.60,116.40 2 1
github.com/kascea/stepthrough/runner/task_metadata.go:116.40,118.3 1 0
github.com/kascea/stepthrough/runner/task_metadata.go:119.2,120.17 2 1
github.com/kascea/stepthrough/runner/task_metadata.go:120.17,122.3 1 0
github.com/kascea/stepthrough/runner/task_metadata.go:123.2,123.54 1 1
github.com/kascea/stepthrough/runner/task_metadata.go:126.60,128.16 2 1
github.com/kascea/stepthrough/runner/task_metadata.go:128.16,130.3 1 0
github.com/kascea/stepthrough/runner/task_metadata.go:131.2,132.24 2 1
github.com/kascea/stepthrough/runner/task_metadata.go:132.24,134.3 1 1
github.com/kascea/stepthrough/runner/task_metadata.go:135.2,135.18 1 1
github.com/kascea/stepthrough/runner/task_metadata.go:138.58,140.16 2 1
github.com/kascea/stepthrough/runner/task_metadata.go:140.16,142.3 1 0
github.com/kascea/stepthrough/runner/task_metadata.go:143.2,143.63 1 1
github.com/kascea/stepthrough/runner/task_metadata.go:143.63,145.3 1 0
github.com/kascea/stepthrough/runner/task_metadata.go:146.2,146.40 1 1
github.com/kascea/stepthrough/runner/task_metadata.go:149.55,151.16 2 1
github.com/kascea/stepthrough/runner/task_metadata.go:151.16,153.3 1 0
github.com/kascea/stepthrough/runner/task_metadata.go:154.2,154.69 1 1
github.com/kascea/stepthrough/runner/task_metadata.go:157.38,158.59 1 1
github.com/kascea/stepthrough/runner/task_metadata.go:158.59,160.3 1 1
github.com/kascea/stepthrough/runner/task_metadata.go:161.2,162.16 2 0
github.com/kascea/stepthrough/runner/task_metadata.go:162.16,164.3 1 0
github.com/kascea/stepthrough/runner/task_metadata.go:165.2,165.72 1 0
github.com/kascea/stepthrough/runner/task_metadata.go:168.58,170.73 2 1
github.com/kascea/stepthrough/runner/task_metadata.go:170.73,172.3 1 1
github.com/kascea/stepthrough/runner/task_metadata.go:173.2,176.16 4 1
github.com/kascea/stepthrough/runner/task_metadata.go:176.16,178.3 1 0
github.com/kascea/stepthrough/runner/task_metadata.go:179.2,180.38 2 1
github.com/kascea/stepthrough/runner/task_metadata.go:180.38,183.3 2 1
github.com/kascea/stepthrough/runner/task_metadata.go:184.2,184.30 1 1
github.com/kascea/stepthrough/runner/task_metadata.go:187.35,190.2 2 0
github.com/kascea/stepthrough/runner/task_metadata.go:192.43,194.2 1 1
github.com/kascea/stepthrough/runner/variables.go:10.49,11.76 1 1
github.com/kascea/stepthrough/runner/variables.go:11.76,14.3 2 1
github.com/kascea/stepthrough/runner/variables.go:17.39,19.25 2 1
github.com/kascea/stepthrough/runner/variables.go:19.25,20.67 1 1
github.com/kascea/stepthrough/runner/variables.go:20.67,22.12 2 1
github.com/kascea/stepthrough/runner/variables.go:24.3,24.27 1 1
github.com/kascea/stepthrough/runner/variables.go:24.27,26.12 2 1
github.com/kascea/stepthrough/runner/variables.go:28.3,28.19 1 1
github.com/kascea/stepthrough/runner/variables.go:30.2,30.19 1 1
github.com/kascea/stepthrough/runner/variables.go:33.38,38.2 4 1
github.com/kascea/stepthrough/session/session.go:31.19,33.16 2 0
github.com/kascea/stepthrough/session/session.go:33.16,35.3 1 0
github.com/kascea/stepthrough/session/session.go:36.2,37.16 2 0
github.com/kascea/stepthrough/session/session.go:37.16,39.3 1 0
github.com/kascea/stepthrough/session/session.go:40.2,41.46 2 0
github.com/kascea/stepthrough/session/session.go:41.46,43.3 1 0
github.com/kascea/stepthrough/session/session.go:44.2,44.19 1 0
github.com/kascea/stepthrough/session/session.go:44.19,46.3 1 0
github.com/kascea/stepthrough/session/session.go:47.2,47.11 1 0
github.com/kascea/stepthrough/session/session.go:51.20,53.16 2 0
github.com/kascea/stepthrough/session/session.go:53.16,55.3 1 0
github.com/kascea/stepthrough/session/session.go:56.2,58.30 3 0
github.com/kascea/stepthrough/session/session.go:61.20,63.2 1 0
github.com/kascea/stepthrough/session/session.go:65.33,67.16 2 0
github.com/kascea/stepthrough/session/session.go:67.16,69.3 1 0
github.com/kascea/stepthrough/session/session.go:70.2,70.63 1 0
